// Jest Snapshot v1, https://goo.gl/fbAQLP

exports[`ShareForm component should create the share obj after the user record video, set dest and allow share through whatsapp 1`] = `
Array [
  Array [
    Object {
      "disablePictureInPicture": true,
      "isFlipped": true,
      "isOnInitially": true,
      "mimetype": "video/webm",
      "onRecordingComplete": [Function],
      "replayVideoAutoplayAndLoopOff": true,
    },
    Object {},
  ],
]
`;
